main.c:127:5:main	24	static
main.c:197:6:SystemClock_Config	88	static
main.c:242:13:MX_ADC1_Init	24	static
main.c:292:13:MX_SPI3_Init	8	static
main.c:330:13:MX_TIM3_Init	32	static
main.c:375:13:MX_TIM11_Init	8	static
main.c:406:13:MX_USART2_UART_Init	8	static
main.c:437:13:MX_DMA_Init	16	static
main.c:455:13:MX_GPIO_Init	48	static
main.c:507:10:UARTRecieveIT	16	static
main.c:519:6:Menu	16	static
main.c:954:6:Function_Gen	16	static
main.c:1014:6:MCP4922SetOutput	24	static
main.c:1021:6:HAL_SPI_TxCpltCallback	16	static
main.c:1029:6:HAL_TIM_PeriodElapsedCallback	24	static
main.c:1037:10:micros	12	static
main.c:1047:6:Error_Handler	4	static,ignoring_inline_asm
